Total pending trips: 3
- Trip: e84ee009-f66d-4759-a2ce-496bb3c3845d
  Creator: jaimin@gmail.com (e806035c-e268-49a3-8e26-109cb26646f4)
- Trip: eb4d683e-719a-41b6-b37b-b4362564061b
  Creator: krish@gmail.com (a55dc011-00cc-44a4-9420-1578f666045f)
- Trip: 474ad57f-72f2-4c0f-b293-84d7dd7fd31e
  Creator: krish@gmail.com (a55dc011-00cc-44a4-9420-1578f666045f)
Driver khpatel1719@gmail.com (f77aab84-2cde-4043-8964-df4f414ca393) sees 3 open rides.
Driver jaimin@gmail.com (e806035c-e268-49a3-8e26-109cb26646f4) sees 2 open rides.
Driver krish@gmail.com (a55dc011-00cc-44a4-9420-1578f666045f) sees 0 open rides.
